---
source: crates/daemon/tests/cli_help.rs
expression: stdout
---
Cancel a previously-scheduled send. The draft itself is preserved

Usage: mxr unsend [OPTIONS] <DRAFT_ID>

Arguments:
  <DRAFT_ID>  Draft ID with a scheduled send to cancel

Options:
      --account <ACCOUNT>
  -h, --help               Print help
