---
source: crates/daemon/tests/cli_help.rs
expression: stdout
---
Manage accounts

Usage: mxr accounts [OPTIONS] [COMMAND]

Commands:
  add      Add an account
  show     Show account details
  test     Test account connectivity
  repair   Re-save account passwords into the protected keychain store
  disable  Disable an account without deleting local cached mail
  remove   Remove an account from config; cached mail is kept unless purged
  help     Print this message or the help of the given subcommand(s)

Options:
      --format <FORMAT>  Output format for `accounts` (the no-subcommand listing) [possible values: table, json, jsonl, csv, ids]
  -h, --help             Print help
