---
source: crates/daemon/tests/cli_help.rs
assertion_line: 13
expression: stdout
---
Manage drafts: list (default), recover orphaned in-flight sends, resume one for retry, or discard recovered drafts

Usage: mxr drafts [OPTIONS] [COMMAND]

Commands:
  list     Show all drafts (default if no subcommand)
  recover  Show drafts that look orphaned mid-send (status `'sending'`, stale heartbeat). The startup loop already auto-resets these after 1h; this surfaces them earlier so you can act now
  resume   Force-reset an orphaned draft to `'draft'` status so it can be re-sent via the normal pipeline. No-op if the draft is already in `'draft'`
  discard  Permanently delete a draft. Use this when a recovered draft is no longer wanted instead of leaving it in the drafts list
  help     Print this message or the help of the given subcommand(s)

Options:
      --format <FORMAT>  [possible values: table, json, jsonl, csv, ids]
  -h, --help             Print help
