---
source: crates/daemon/tests/cli_help.rs
expression: stdout
---
Move message to trash

Usage: mxr trash [OPTIONS] [MESSAGE_ID]...

Arguments:
  [MESSAGE_ID]...

Options:
      --search <SEARCH>
      --account <ACCOUNT>
      --yes
      --dry-run
      --async              Run as a daemon-side background job and poll with `mxr jobs`
      --format <FORMAT>    [possible values: table, json, jsonl, csv, ids]
  -h, --help               Print help
