---
source: crates/daemon/tests/cli_help.rs
assertion_line: 14
expression: stdout
---
Compose a new email

Usage: mxr compose [OPTIONS]

Options:
      --to <TO>                Recipient(s), comma-separated
      --cc <CC>                CC recipient(s)
      --bcc <BCC>              BCC recipient(s)
      --subject <SUBJECT>      Subject line
      --body <BODY>            Message body as string
      --body-stdin             Read message body from stdin
      --attach <ATTACH>        File path to attach (repeatable)
      --from <FROM>            Account name to send from
      --signature <SIGNATURE>  Insert this signature by name instead of the scoped default
      --no-signature           Do not insert any signature
      --yes                    Skip confirmation prompt
      --dry-run                Show what would be sent without sending
      --format <FORMAT>        [possible values: table, json, jsonl, csv, ids]
      --check                  Build a transient draft from these args and run the pre-send safety pipeline against it without sending or saving. Exit non-zero only on Blocker issues. Useful for CI/pre-commit hooks: pipe a body in and assert the JSON report
      --no-llm                 With `--check`: skip LLM-backed checks (answer-coverage). Has no effect on a real send
  -h, --help                   Print help
