---
source: crates/daemon/tests/cli_help.rs
expression: stdout
---
Paper trail: receipts, notifications and other automated mail in your inbox, grouped by sender, each with the reason it is here

Usage: mxr paper-trail [OPTIONS]

Options:
      --account <ACCOUNT>    Limit to one account; the default covers every account
      --sender <SENDER>      Only this sender's bundle
      --limit <LIMIT>        Bundles to show [default: 50]
      --offset <OFFSET>      Bundles to skip, for paging [default: 0]
      --messages <MESSAGES>  Messages listed per bundle; counts always cover the whole bundle [default: 3]
      --format <FORMAT>      [possible values: table, json, jsonl, csv, ids]
  -h, --help                 Print help
