---
source: crates/daemon/tests/cli_help.rs
expression: stdout
---
Open attachment with system handler

Usage: mxr attachments open [OPTIONS] <MESSAGE_ID> <INDEX>

Arguments:
  <MESSAGE_ID>
  <INDEX>       Attachment index (1-based)

Options:
      --account <ACCOUNT>
  -h, --help               Print help
