---
source: crates/daemon/tests/cli_help.rs
expression: stdout
---
How each mode explains itself: its job, empty states, keys and hints

Usage: mxr modes [OPTIONS] <COMMAND>

Commands:
  explain  What a mode is for, what lands there, how it works, its keys and its hints. Every mode that has shipped when none is named
  hint     Dismiss a hint in every client, as Esc or acting on its element does, or bring it back with --show. `mxr modes explain` lists the ids
  rail     The rail: Now, the five modes and Inbox, with each one's key and count, which are early versions, and the pages under More
  why      Which modes hold a conversation, and why
  done     Done here: the conversations leave one mode until someone writes again (in To do, their open to-dos are ticked off, or only those named with --todo). When no other mode holds a conversation it is archived at your provider too, unless `modes.archive_on_last_done` is off. Prints what happened and an undo id for `mxr undo`
  help     Print this message or the help of the given subcommand(s)

Options:
      --format <FORMAT>  [possible values: table, json, jsonl, csv, ids]
  -h, --help             Print help
