---
source: crates/daemon/tests/cli_help.rs
expression: stdout
---
Display a message

Usage: mxr cat [OPTIONS] <MESSAGE_ID>

Arguments:
  <MESSAGE_ID>  

Options:
      --view <VIEW>      [possible values: reader, raw, html, headers]
      --assets           
      --raw              
      --html             
      --format <FORMAT>  [possible values: table, json, jsonl, csv, ids]
  -h, --help             Print help
