---
source: crates/daemon/tests/cli_help.rs
expression: stdout
---
Compose a new email

Usage: mxr compose [OPTIONS]

Options:
      --to <TO>            Recipient(s), comma-separated
      --cc <CC>            CC recipient(s)
      --bcc <BCC>          BCC recipient(s)
      --subject <SUBJECT>  Subject line
      --body <BODY>        Message body as string
      --body-stdin         Read message body from stdin
      --attach <ATTACH>    File path to attach (repeatable)
      --from <FROM>        Account name to send from
      --yes                Skip confirmation prompt
      --dry-run            Show what would be sent without sending
  -h, --help               Print help
