---
source: crates/daemon/tests/cli_help.rs
expression: stdout
---
Link a local draft to the account's provider draft mailbox. The first push creates it; later edits and pushes update the same provider draft

Usage: mxr drafts push [OPTIONS] <DRAFT_ID>

Arguments:
  <DRAFT_ID>  Local draft ID to link or update at the provider

Options:
      --dry-run  Show the exact draft and provider without creating or updating it
  -h, --help     Print help
