---
source: crates/daemon/tests/cli_help.rs
expression: stdout
---
Start the local HTTP/WebSocket bridge and open the web app in the default browser. Pre-authenticates via URL fragment using the persisted bridge token at `~/.config/mxr/bridge-token`

Usage: mxr web [OPTIONS]

Options:
      --host <HOST>         Bind address for the bridge. Defaults to loopback [default: 127.0.0.1]
      --port <PORT>         Bridge port. On EADDRINUSE the bridge walks up to the next available port unless `--strict-port` is set. `0` picks an ephemeral port (useful for tests) [default: 42829]
      --print-url           Print the launch URL instead of binding the bridge. Implies --no-open
      --no-open             Do not open the system browser; just print the URL
      --strict-port         Fail immediately if `--port` is in use instead of trying the next available port. Off by default — port conflicts retry
      --remote-host <HOST>  Open the browser pointed at a remote daemon instead of binding locally. Use when the daemon runs on a VPS or remote host with TLS terminated. Format: `host[:port]`, e.g. `mxr.example.com` or `mxr.example.com:443`. Reads the per-host token from `~/.config/mxr/bridge-tokens/<host>.token`
  -h, --help                Print help
