---
source: crates/daemon/tests/cli_help.rs
expression: stdout
---
Trigger or query sync. Triggering runs a sync pass in the daemon and waits on it with no client-side deadline; the account can still be syncing afterwards, because the daemon detaches a pass that outruns its own limit and the account's sync loop may have further backfill pages. Use --wait to wait for the account itself to go idle

Usage: mxr sync [OPTIONS]

Options:
      --account <ACCOUNT>

      --status

      --wait
          Keep waiting until the account itself reports idle, then print its status in JSON mode
      --wait-timeout-secs <WAIT_TIMEOUT_SECS>
          Maximum seconds --wait spends waiting for the account to go idle; does not bound the sync itself. Default 60 [default: 60]
      --format <FORMAT>
          Output format. Honored by `--status`; ignored by trigger mode today [possible values: table, json, jsonl, csv, ids]
  -h, --help
          Print help
