---
source: crates/daemon/tests/cli_help.rs
assertion_line: 13
expression: stdout
---
Run diagnostics

Usage: mxr doctor [OPTIONS]

Options:
      --reindex           
      --reindex-semantic  
      --check             
      --semantic-status   
      --verbose           
      --index-stats       
      --store-stats       
      --format <FORMAT>   [possible values: table, json, csv, ids]
  -h, --help              Print help
