---
source: crates/daemon/tests/cli_help.rs
expression: stdout
---
Reply to a message

Usage: mxr reply [OPTIONS] <MESSAGE_ID>

Arguments:
  <MESSAGE_ID>  Message ID to reply to

Options:
      --account <ACCOUNT>
      --body <BODY>            Inline reply body (skip $EDITOR)
      --body-stdin             Read reply body from stdin
      --attach <ATTACH>        File path to attach (repeatable)
      --signature <SIGNATURE>  Insert this signature by name instead of the scoped default
      --no-signature           Do not insert any signature
      --yes                    Skip confirmation
      --dry-run                Show what would be sent
      --remind-after <TIME>    After sending, remind if no reply has arrived by this time. Same forms as `mxr remind --when`: `in 2h`, `tomorrow 9am`, `monday 17:00`, RFC3339
      --format <FORMAT>        [possible values: table, json, jsonl, csv, ids]
  -h, --help                   Print help
