---
source: crates/daemon/tests/modes_cli.rs
assertion_line: 183
expression: "serde_json::to_string_pretty(&guides).unwrap()"
---
[
  {
    "about": "Reading is an edition of the newsletters you chose, with the sources you read most first. Nothing here is owed: items fade after a while unless you press b to keep them for later.",
    "add_one": "",
    "clear_for_now": "Nothing new.",
    "first_run_line": "Newsletters, when you like",
    "header": "Newsletters you chose, as an edition. Read when you like.",
    "hints": [
      {
        "anchor": "The first Fading band",
        "id": "reading.fading",
        "key": {
          "key": "b",
          "verb": "later"
        },
        "seen": false,
        "text": "These go within a day; b keeps one on Later, which never fades."
      },
      {
        "anchor": "The first link under a digest",
        "id": "reading.link",
        "key": {
          "key": "L",
          "verb": "fetch the linked article"
        },
        "seen": false,
        "text": "Each link is its own item; L fetches its article, and only then does mxr contact that site."
      }
    ],
    "keys": [
      {
        "key": "Enter",
        "verb": "read"
      },
      {
        "key": "b",
        "verb": "later"
      },
      {
        "key": "e",
        "verb": "let go"
      },
      {
        "key": "L",
        "verb": "fetch the linked article"
      },
      {
        "key": "D",
        "verb": "unsubscribe"
      },
      {
        "key": "R",
        "verb": "original layout"
      },
      {
        "key": "A",
        "verb": "let go of everything shown"
      },
      {
        "key": "h",
        "verb": "highlight"
      },
      {
        "key": "o",
        "verb": "open the email"
      },
      {
        "key": "u",
        "verb": "undo"
      },
      {
        "key": "?",
        "verb": "what is this"
      }
    ],
    "lands_here": "Newsletters, digests and posts from writers: mail with an unsubscribe link that isn't a person or a notification.",
    "mode": "reading",
    "name": "Reading",
    "never_had_any": "Newsletters and posts you subscribed to land here, with the ones you read most first. Nothing here is owed: there's no unread count, and items fade unless you keep them.",
    "why_template": "Here because: {evidence} ({source}). {fades}"
  }
]
