---
source: crates/tui/tests/snapshots.rs
assertion_line: 344
expression: snapshot
---
"┌ Status / Doctor ─────────────────────────────────────────────────────────────────────────────────┐"
"│Uptime: 3600s                                                                                     │"
"│Daemon PID: 4242                                                                                  │"
"│Accounts: me@example.com                                                                          │"
"└──────────────────────────────────────────────────────────────────────────────────────────────────┘"
"┌ Sync Health ─────────────────────────────────────────────────────────────────────────────────────┐"
"│me@example.com healthy=true in_progress=false last_success=2026-03-20T10:59:00+00:00              │"
"│  error=- backoff=- cursor=gmail history_id=4242                                                  │"
"│                                                                                                  │"
"│                                                                                                  │"
"└──────────────────────────────────────────────────────────────────────────────────────────────────┘"
"┌ Recent Events ───────────────────────────────────────────────────────────────────────────────────┐"
"│1710495000 [INFO:sync] Sync completed                                                             │"
"│                                                                                                  │"
"│                                                                                                  │"
"└──────────────────────────────────────────────────────────────────────────────────────────────────┘"
"┌ Recent Logs ─────────────────────────────────────────────────────────────────────────────────────┐"
"│daemon started                                                                                    │"
"│sync complete                                                                                     │"
"│                                                                                                  │"
"│                                                                                                  │"
"│                                                                                                  │"
"│                                                                                                  │"
"└──────────────────────────────────────────────────────────────────────────────────────────────────┘"
