---
source: crates/tui/tests/snapshots.rs
assertion_line: 194
expression: snapshot
---
"                                                                      "
"                                                                      "
"                                                                      "
"                                                                      "
"                                                                      "
"                                                                      "
"                                                                      "
"                                                                      "
"               ╭ Draft Ready ─────────────────────────╮               "
"               │Send this draft?                      │               "
"               │Subject: Snapshot draft               │               "
"               ╰──────────────────────────────────────╯               "
"                                                                      "
"                                                                      "
"                                                                      "
"                                                                      "
"                                                                      "
"                                                                      "
"                                                                      "
"                                                                      "
