---
source: crates/tui/tests/snapshots.rs
assertion_line: 524
expression: snapshot
---
"                                                              ┌ Account Mode ──────────────────────┐"
"                                                              │ Gmail │ IMAP + SMTP │ SMTP only    │"
"                                                              └────────────────────────────────────┘"
"                                                              ┌ Account Form ──────────────────────┐"
"                                                              │Mode              Gmail             │"
"                                                              │Account key       work              │"
"                                                              │Display name      Work              │"
"                                                              │Email             me@example.com    │"
"                                                              │Credential source Bundled           │"
"                                                              │Token ref         mxr/work-gmail    │"
"                                                              │                                    │"
"                                                              │Auth state: not verified            │"
"                                                              │                                    │"
"                                                              │Tip: Tab and Shift-Tab move between │"
"                                                              │fields. Enter or i edits the        │"
"                                                              │selected field.                     │"
"                                                              └────────────────────────────────────┘"
"                                                              ┌────────────────────────────────────┐"
"                                                              │j/k or Tab:field  Enter/i:edit  Shif│"
"                                                              └────────────────────────────────────┘"
