---
source: crates/tui/tests/snapshots.rs
assertion_line: 572
expression: snapshot
---
"┌ Account Details ───────────────────────────────────────────┐┌ Accounts / Browse ─────────────────┐"
"│Accounts connect mxr to sync and send mail.                 ││                                    │"
"│                                                            ││                                    │"
"│Press n to add Gmail, IMAP + SMTP, or SMTP-only.            ││                                    │"
"│Press c to open config in your editor.                      ││                                    │"
"│                                                            ││                                    │"
"│                                                            ││                                    │"
"│                                                            ││                                    │"
"│                                                            ││                                    │"
"│                                                            ││                                    │"
"│                                                            ││                                    │"
"│                                                            ││                                    │"
"│                                                            ││                                    │"
"│                                                            ││                                    │"
"│                                                            ││                                    │"
"│                                                            ││                                    │"
"└────────────────────────────────────────────────────────────┘│                                    │"
"┌────────────────────────────────────────────────────────────┐│                                    │"
"│n:new account  c:edit config  Esc:mailbox                   ││                                    │"
"└────────────────────────────────────────────────────────────┘└────────────────────────────────────┘"
