---
source: crates/tui/tests/snapshots.rs
assertion_line: 377
expression: snapshot
---
"╭ Search All Mail [lexical] ─────────────────────────────────────────────────────────────╮"
"│type to search the full local index                                                     │"
"│full local index ready / type to search every account                                   │"
"╰────────────────────────────────────────────────────────────────────────────────────────╯"
"┌ Search Results / lexical / full local ┐┌ Preview ──────────────────────────────────────┐"
"│Search all mail from the full local    ││Search tips                                    │"
"│index.                                 ││                                               │"
"│                                       ││Results come from sender, subject, snippet, and│"
"│Start typing to search every account.  ││indexed body text.                             │"
"│Enter runs immediately. Tab changes    ││Try names, companies, invoice numbers, or      │"
"│lexical / hybrid / semantic mode.      ││distinct phrases.                              │"
"│This is not the mailbox filter. Use    ││Use hybrid or semantic mode when exact wording │"
"│Ctrl-f in Mailbox to filter current    ││is unknown.                                    │"
"│mail.                                  ││                                               │"
"│                                       ││                                               │"
"│                                       ││                                               │"
"│                                       ││                                               │"
"│                                       ││                                               │"
"│                                       ││                                               │"
"│                                       ││                                               │"
"│                                       ││                                               │"
"│                                       ││                                               │"
"│                                       ││                                               │"
"└───────────────────────────────────────┘└───────────────────────────────────────────────┘"
