---
source: crates/tui/tests/snapshots.rs
assertion_line: 256
expression: snapshot
---
"                                                                      "
"                                                                      "
"                                                                      "
"                                                                      "
"                                                                      "
"                                                                      "
"                                                                      "
"     ╭ Draft Ready ─────────────────────────────────────────────╮     "
"     │Send this draft?                                          │     "
"     │Subject: Snapshot draft                                   │     "
"     │                                                          │     "
"     │[s] send   [d] save draft   [e] edit again   [Esc] discard│     "
"     ╰──────────────────────────────────────────────────────────╯     "
"                                                                      "
"                                                                      "
"                                                                      "
"                                                                      "
"                                                                      "
"                                                                      "
"                                                                      "
