---
source: crates/tui/tests/snapshots.rs
assertion_line: 450
expression: snapshot
---
"┌ Rules ───────────────────────┐┌ Workspace ───────────────────────────────────────────────────────┐"
"│> Route GitHub  [enabled | p10││ Overview  |  History  |  Dry Run  |  Edit                        │"
"│  condition unavailable       │└──────────────────────────────────────────────────────────────────┘"
"│                              │┌ Overview ────────────────────────────────────────────────────────┐"
"│                              ││Name: Route GitHub                                                │"
"│                              ││Enabled: false                                                    │"
"│                              ││Priority: 100                                                     │"
"│                              ││                                                                  │"
"│                              ││Condition                                                         │"
"│                              ││from:github.com                                                   │"
"│                              ││                                                                  │"
"│                              ││Action                                                            │"
"│                              ││label:GitHub                                                      │"
"│                              ││                                                                  │"
"│                              ││Last run: -                                                       │"
"│                              ││Last match: -                                                     │"
"│                              │└──────────────────────────────────────────────────────────────────┘"
"│                              │┌──────────────────────────────────────────────────────────────────┐"
"│                              ││j/k:select  Enter:overview  H:history  D:dry run  E:edit  n:new  e│"
"└──────────────────────────────┘└──────────────────────────────────────────────────────────────────┘"
