---
source: crates/tui/tests/snapshots.rs
assertion_line: 397
expression: snapshot
---
"┌ Accounts ────────────────────────┐┌ Details ─────────────────────────────────────────────────────┐"
"│> Work  [default · imap · smtp · c││Work  [default]                                               │"
"│                                  ││                                                              │"
"│                                  ││Key: work                                                     │"
"│                                  ││Name: Work                                                    │"
"│                                  ││Email: me@example.com                                         │"
"│                                  ││Provider: imap                                                │"
"│                                  ││Sync: imap                                                    │"
"│                                  ││Send: smtp                                                    │"
"│                                  ││Source: config                                                │"
"│                                  ││Editable: full                                                │"
"│                                  ││Default: yes                                                  │"
"│                                  ││                                                              │"
"│                                  ││                                                              │"
"│                                  ││                                                              │"
"│                                  ││                                                              │"
"│                                  │└──────────────────────────────────────────────────────────────┘"
"│                                  │┌──────────────────────────────────────────────────────────────┐"
"│                                  ││n:new  Enter:edit  t:test  d:set default                      │"
"└──────────────────────────────────┘└──────────────────────────────────────────────────────────────┘"
