---
source: crates/tui/tests/snapshots.rs
assertion_line: 843
expression: snapshot
---
"                                                                                "
"                                                                                "
"                ┌ Filter Current Mailbox [lexical] ────────────┐                "
"                │ > de                                         │                "
"                │ Live filter  Enter keep results  Tab mode  E │                "
"                │                                              │                "
"=INBOX [Msgs:6421 New:1833 Starred:96]= synced just now────────┘                "
"                                                                                "
