---
source: crates/tui/tests/snapshots.rs
assertion_line: 630
expression: snapshot
---
"                                                                                                    "
"                                                                                                    "
"      ╭ Help ────────────────────────────────────────────────────────────────────────────────╮      "
"      │Global                                                                               ▲│      "
"      │Ctrl-p              Command Palette                                                  █│      "
"      │?                   Toggle Help                                                      █│      "
"      │Esc                 Back / Close                                                     █│      "
"      │q                   Quit                                                             ║│      "
"      │                                                                                     ║│      "
"      │Current Context                                                                      ║│      "
"      │Context             Mailbox / List                                                   ║│      "
"      │Selection           2 selected: archive, delete, label, move, read/unread, star, Esc ║│      "
"      │clears                                                                               ║│      "
"      │                                                                                     ║│      "
"      │Modals                                                                               ║│      "
"      │Help: j/k Ctrl-d/u  Scroll                                                           ║│      "
"      │Label Picker        Type, j/k, Enter, Esc                                            ║│      "
"      │Compose Picker      Type, Tab, Enter, Esc                                            ║│      "
"      │Attachments         j/k, Enter/o, d, Esc                                             ║│      "
"      │Links               j/k, Enter/o open, y copy, Esc                                   ║│      "
"      │Unsubscribe         Enter unsubscribe, a archive sender, Esc cancel                  ║│      "
"      │Bulk Confirm        Enter/y confirm, Esc/n cancel                                    ║│      "
"      │                                                                                     ║│      "
"      │Mailbox List                                                                         ║│      "
"      │!                   Spam                                                             ▼│      "
"      ╰──────────────────────────────────────────────────────────────────────────────────────╯      "
"                                                                                                    "
"                                                                                                    "
