---
source: crates/tui/tests/snapshots.rs
expression: snapshot
---
"                                                                      "
"                                                                      "
"                                                                      "
"                                                                      "
"                                                                      "
"     ╭ Draft Ready ─────────────────────────────────────────────╮     "
"     │Send this draft?                                          │     "
"     │From: me@example.com                                      │     "
"     │Subject: Snapshot draft                                   │     "
"     │Voice match: not scored for manual edits                  │     "
"     │Humanizer: scored on AI draft outputs                     │     "
"     │                                                          │     "
"     │[s] send   [a] send at   [n] remind   [d] save draft      │     "
"     │[r] refine   [e] edit again   [Esc] discard               │     "
"     ╰──────────────────────────────────────────────────────────╯     "
"                                                                      "
"                                                                      "
"                                                                      "
"                                                                      "
"                                                                      "
