---
source: crates/tui/tests/snapshots.rs
assertion_line: 706
expression: snapshot
---
"                                                                                                    "
"                                                                                                    "
"      ╭ Help ────────────────────────────────────────────────────────────────────────────────╮      "
"      │Start Here                                                                           ▲│      "
"      │Ctrl-p              Open command palette                                             █│      "
"      │palette: Start Here Reopen onboarding walkthrough                                    █│      "
"      │gc                  Edit config in $EDITOR                                           █│      "
"      │?                   Toggle Help                                                      ║│      "
"      │Esc                 Back / Close                                                     ║│      "
"      │q                   Quit                                                             ║│      "
"      │                                                                                     ║│      "
"      │Most Common Actions                                                                  ║│      "
"      │Context             Mailbox / List                                                   ║│      "
"      │/                   Search all indexed mail                                          ║│      "
"      │Ctrl-f              Filter current mailbox only                                      ║│      "
"      │Ctrl-p              Open command palette                                             ║│      "
"      │Selection           2 selected: archive, delete, label, move, read/unread, star, Esc ║│      "
"      │clears                                                                               ║│      "
"      │                                                                                     ║│      "
"      │Mailbox List                                                                         ║│      "
"      │!                   Spam                                                             ║│      "
"      │#                   Trash                                                            ║│      "
"      │/                   Search All Mail                                                  ║│      "
"      │1                   Mailbox                                                          ║│      "
"      │2                   Search Page                                                      ▼│      "
"      ╰──────────────────────────────────────────────────────────────────────────────────────╯      "
"                                                                                                    "
"                                                                                                    "
