---
source: crates/tui/src/ui/help_modal.rs
assertion_line: 721
expression: snapshot
---
"                                                                                                    "
"                                                                                                    "
"      ╭ Help ────────────────────────────────────────────────────────────────────────────────╮      "
"      │╭ Query  2 matches  Mailbox / List ──────────────────────────────────────────────────╮│      "
"      ││> gc                                                                                ││      "
"      │╰────────────────────────────────────────────────────────────────────────────────────╯│      "
"      │╭ Matches ───────────────────────────────────────────────────────────────────────────╮│      "
"      ││gc                   Edit config in $EDITOR                 Start Here              ││      "
"      ││gc                   Edit Config                            Mailbox List            ││      "
"      ││                                                                                    ││      "
"      ││                                                                                    ││      "
"      ││                                                                                    ││      "
"      ││                                                                                    ││      "
"      ││                                                                                    ││      "
"      ││                                                                                    ││      "
"      ││                                                                                    ││      "
"      ││                                                                                    ││      "
"      ││                                                                                    ││      "
"      ││                                                                                    ││      "
"      ││                                                                                    ││      "
"      ││                                                                                    ││      "
"      │╰────────────────────────────────────────────────────────────────────────────────────╯│      "
"      │╭────────────────────────────────────────────────────────────────────────────────────╮│      "
"      ││type search   ↑↓ move   enter close   Edit config in $EDITOR · gc · Start Here      ││      "
"      │╰────────────────────────────────────────────────────────────────────────────────────╯│      "
"      ╰──────────────────────────────────────────────────────────────────────────────────────╯      "
"                                                                                                    "
"                                                                                                    "
