---
source: crates/tui/src/ui/todo_lens.rs
expression: unseen
---
"╭ To do ─ Things email asked you to do, ordered by when to act. ───────────────────────────────────────────────────────╮"
"│  1 things need you. Pay council tax first, act by Wed.                                                               │"
"│                                                                                                                      │"
"│  │ Each row is one thing to do, written as what to do, not the email's subject. Act by the first date; the bar       │"
"│  │ fills from when it showed up to when it's due, and Enter does what the button says.                               │"
"│  │ Enter do it · e tick off · Z schedule · X not a to-do · Esc close                                                 │"
"│                                                                                                                      │"
"│  NOW                                                                                                                 │"
"│▌ Pay council tax              Camden Council           £142.00  ▓▓▓▓▓▓░░░░ act by Wed 7 Oct · due Fri 9 Oct          │"
"│                                                                                                                      │"
"│                                                                                                                      │"
"│                                                                                                                      │"
"│                                                                                                                      │"
"│                                                                                                                      │"
"│                                                                                                                      │"
"│                                                                                                                      │"
"│                                                                                                                      │"
"│                                                                                                                      │"
"│                                                                                                                      │"
"│                                                                                                                      │"
"│                                                                                                                      │"
"│                                                                                                                      │"
"│                                                                                                                      │"
"│                                                                                                                      │"
"│                                                                                                                      │"
"│                                                                                                                      │"
"│                                                                                                                      │"
"│ link goes to camden.gov.uk · Here because: "payment due 9 October" (rule).                                           │"
"│ ↵ Open email to pay  e tick off  Z schedule  , edit  X not a to-do  o open the email  ? keys                         │"
"╰──────────────────────────────────────────────────────────────────────────────────────────────────────────────────────╯"
