---
source: crates/tui/src/ui/send_confirm_modal.rs
expression: rendered
---
"                                                                                                                        "
"                                                                                                                        "
"                                                                                                                        "
"                                                                                                                        "
"                                                                                                                        "
"        ╭ Draft Ready ─────────────────────────────────────────────────────────────────────────────────────────╮        "
"        │Send this draft?                                                                                      │        "
"        │From: me@example.com                                                                                  │        "
"        │Subject: Hello                                                                                        │        "
"        │Voice match: not scored for manual edits                                                              │        "
"        │Humanizer: scored on AI draft outputs                                                                 │        "
"        │                                                                                                      │        "
"        │Safety: BLOCKED                                                                                       │        "
"        │  [BLOCK] secret pattern detected: sk-...abcd                                                         │        "
"        │Override token: tok-abc-123                                                                           │        "
"        │Press Ctrl-O to override and send (single use).                                                       │        "
"        │                                                                                                      │        "
"        │[e] edit again   [^O] override + send   [Esc] discard                                                 │        "
"        ╰──────────────────────────────────────────────────────────────────────────────────────────────────────╯        "
"                                                                                                                        "
"                                                                                                                        "
"                                                                                                                        "
"                                                                                                                        "
"                                                                                                                        "
