---
source: crates/tui/src/ui/updates_lens.rs
expression: rendered
---
"╭ Updates ─ Notifications gathered twice a day. Read the digest, then let go. ─────────────────────────────────────────╮"
"│  This morning's digest · 08:00 · 26 updates from 10 sources                                             A let go all │"
"│  2 need a look, 2 changed. 22 routine from 6 sources.                                                                │"
"│                                                                                                                      │"
"│  │ Updates gathers notifications into a digest at 08:00 and 16:30, one line per source, like your bank or GitHub,    │"
"│  │ with what changed first. Anything that needs you sits at the top with a suggested to-do that t adds, so you can   │"
"│  │ read this and let it go.                                                                                          │"
"│  │ A let go of digest · e let go of this source · t this needs me · K tune a source · Esc close                      │"
"│                                                                                                                      │"
"│ ── Needs a look ──────────────────────────────────────────────────────────────────────────────────────────────────── │"
"│▌ ! Google              Security alert: New sign-in from Chrome on Windows · 06:12 · (already in To do)               │"
"│  ! Stripe (stripe.co…  Payout of R 4,210.00 failed: bank declined                                                    │"
"│      Suggested to-do: failed payment from Stripe (stripe.com) (rule). t adds it.                                     │"
"│                                                                                                                      │"
"│ ── Changed ───────────────────────────────────────────────────────────────────────────────────────────────────────── │"
"│  ◆ Bookshop            Parcel out for delivery · [### ] · Arriving by Thu 8 Oct · DHL                                │"
"│  ◆ Strava              Your week in running: 21.3 km over 3 runs · up 12% on last week                               │"
"│                                                                                                                      │"
"│ ── Routine ───────────────────────────────────────────────────────────────────────────────────────────────────────── │"
"│    Vercel              Deployment succeeded for acme-web                                                            7│"
"│    Uptime Robot        All monitors up                                                                              6│"
"│    Linear              3 issues moved to Done                                                                       5│"
"│    Plausible           Weekly report: 998 visitors                                                                   │"
"│  > 2 quieter sources · 3 updates                                                                                     │"
"│                                                                                                                      │"
"│  4 updates from muted sources not shown.                                                                             │"
"│                                                                                                                      │"
"│ Here because: automated sender (rule). In the 08:00 digest.                                                          │"
"│ A let go of digest  e let go of this source  t this needs me  K tune a source  L open the link  o open the email  u… │"
"╰──────────────────────────────────────────────────────────────────────────────────────────────────────────────────────╯"
