---
source: crates/tui/src/ui/todo_lens.rs
expression: rendered
---
"╭ To do ─ Things email asked you to do, ordered by when to act. ───────────────────────────────────────────────────────╮"
"│  Catch up: 2 things from the last two weeks might still need you.                                                    │"
"│  These are from before mxr sorted your mail, so they're shown once instead of all landing in Now. Keep what still    │"
"│  needs you; let go of the rest.                                                                                      │"
"│  Already over, so not shown: 1 past invite.                                                                          │"
"│                                                                                                                      │"
"│▌ Sign Tenancy renewal                                                      no date                                   │"
"│  Pay water bill               Thames Water                                 was due Wed 30 Sep                        │"
"│                                                                                                                      │"
"│                                                                                                                      │"
"│                                                                                                                      │"
"│                                                                                                                      │"
"│                                                                                                                      │"
"│                                                                                                                      │"
"│                                                                                                                      │"
"│                                                                                                                      │"
"│                                                                                                                      │"
"│                                                                                                                      │"
"│                                                                                                                      │"
"│                                                                                                                      │"
"│                                                                                                                      │"
"│                                                                                                                      │"
"│                                                                                                                      │"
"│                                                                                                                      │"
"│                                                                                                                      │"
"│                                                                                                                      │"
"│                                                                                                                      │"
"│ Here because: "payment due 9 October" (rule).                                                                        │"
"│ ↵ keep  e let go  A let go of all  o email  Esc back                                                                 │"
"╰──────────────────────────────────────────────────────────────────────────────────────────────────────────────────────╯"
