---
source: crates/tui/src/ui/now_lens.rs
expression: rendered
---
"╭ Now ─ The few things that need you now, from every mode. ╮"
"│  Friday afternoon. 3 people, 2 things to act on.         │"
"│                                                          │"
"│ ── People ────────────────────── and 8 more in Messages  │"
"│  11 people are waiting on you. The three below are       │"
"│  furthest past your usual pace.                          │"
"│▌ Maya Ortiz         Can you send the launch checkli… 22h │"
"│  Sam Okafor         Are you around Thursday?          3h │"
"│  Iris Chen          Does the incident note read rig… 24h │"
"│    New sender. Keep in Messages? 1 Messages 2 Updates 3  │"
"│    Reading 4 Block                                       │"
"│                                                          │"
"│ ── Due soon ─────────────────────── and 2 more in To do  │"
"│  [ ] Pay council tax   act by Wed 7 Oct · due Fri 9 Oct  │"
"│  [ ] Sign lease ren… act by Mon 13 Oct · due Wed 15 Oct  │"
"│                                                          │"
"│ ── Updates 08:00 digest ─────────────────── +23 routine  │"
"│  1 needs a look, 2 changed. 23 routine from 9 sources.   │"
"│  ! Google         New sign-in from Chrome on Windows ·…  │"
"│  ◆ Strava         21.3 km over 3 runs                    │"
"│    ↵ open  A let go of this digest                       │"
"│                                                          │"
"│  Not now: Reading 6 this week                            │"
"│                                                          │"
"│                                                          │"
"│                                                          │"
"│                                                          │"
"│                                                          │"
"│                                                          │"
"│                                                          │"
"│                                                          │"
"│ From Messages: your turn with Maya Ortiz, 22h.           │"
"│ ↵ open in its mode  e done here  t make it a to-do  r r… │"
"╰──────────────────────────────────────────────────────────╯"
