---
source: crates/tui/src/ui/todo_lens.rs
expression: rendered
---
"╭ To do ─ Things email asked you to do, ordered by when to act. ───────────────────────────────────────────────────────╮"
"│  2 things need you. Pay council tax first, act by Wed.                                                               │"
"│                                                                                                                      │"
"│  NOW                                                                                                                 │"
"│▌ Pay council tax                Camden Council           £142.00  ▓▓▓▓▓▓░░░░ act by Wed 7 Oct · due Fri 9 Oct        │"
"│  Pay water bill                 Thames Water                                 was due Wed 30 Sep                      │"
"│                                                                                                                      │"
"│  COMING UP                                                                                                           │"
"│  wk of 12 Oct                                                                                                        │"
"│  Renew car insurance            Admiral                                      shows up Mon 19 Oct · act by Mon 26 Oct │"
"│                                                                                                                      │"
"│  WHENEVER (1)                                                                                                        │"
"│  Send the signed form                                                        no date                                 │"
"│                                                                                                                      │"
"│  DONE THIS WEEK (1)                                                                                                  │"
"│                                                                                                                      │"
"│  3 expired since you last looked · E open the list                                                                   │"
"│                                                                                                                      │"
"│                                                                                                                      │"
"│                                                                                                                      │"
"│                                                                                                                      │"
"│                                                                                                                      │"
"│                                                                                                                      │"
"│                                                                                                                      │"
"│                                                                                                                      │"
"│                                                                                                                      │"
"│                                                                                                                      │"
"│ link goes to camden.gov.uk · Here because: "payment due 9 October" (rule).                                           │"
"│ ↵ Open email to pay  e tick off  Z schedule  , edit  X not a to-do  o open the email  ? keys                         │"
"╰──────────────────────────────────────────────────────────────────────────────────────────────────────────────────────╯"
