---
source: crates/tui/src/ui/messages_lens/tests.rs
expression: rendered
---
"╭ Messages ─ People you talk with, one row each. Reply or mark done. ──────────╮"
"│ YOUR TURN                                                                    │"
"│▌Samir Patel                                                             16h *│"
"│   “Can you take a look and reply with the next concrete step?”               │"
"│ Jon Bell                                                                 8h *│"
"│   Does the pricing copy read right to you?                                   │"
"│                                                                              │"
"│ PINNED                                                                       │"
"│ Maya Ortiz                                                            15:00  │"
"│                                                                              │"
"│ RECENT                                                                       │"
"│ Iris Chen                                                         Yesterday  │"
"│   You: Thanks, on it.                                                        │"
"│                                                                              │"
"│ QUIET (12)                                                                >  │"
"│                                                                              │"
"│                                                                              │"
"│                                                                              │"
"│                                                                              │"
"│                                                                              │"
"│                                                                              │"
"│                                                                              │"
"│                                                                              │"
"│                                                                              │"
"│                                                                              │"
"│                                                                              │"
"│                                                                              │"
"│                                                                              │"
"│                                                                              │"
"│                                                                              │"
"│                                                                              │"
"╰──────────────────────────────────────────────────────────────────────────────╯"
" Here because: Samir Patel replied to your message, and you write to each other…"
" r reply  . got it  e done here  t make it a to-do  b reply later  c new topic… "
