---
source: crates/tui/src/ui/records_lens/tests.rs
assertion_line: 391
expression: rendered
---
"╭ Archive ─ Receipts, orders, bookings and documents. Ask f╮"
"│ Archive  2 records   / octopus                           │"
"│                                                          │"
"│ Octopus Energy · 2 records · £238.60                     │"
"│  11 Feb 2025 to 11 Mar 2025                              │"
"│  p issuer page  Esc clear search                         │"
"│──────────────────────────────────────────────────────────│"
"│ ── 2025 · March ────────────────────── 1 record  £110.20 │"
"│▌ 11 Mar  Octopus Energy   Bill, Mar         £110.20      │"
"│ ── 2025 · February ─────────────────── 1 record  £128.40 │"
"│  11 Feb  Octopus Energy   Bill, Feb         £128.40      │"
"│                                                          │"
"│                                                          │"
"│                                                          │"
"│                                                          │"
"│                                                          │"
"│                                                          │"
"│                                                          │"
"│                                                          │"
"│                                                          │"
"│                                                          │"
"│                                                          │"
"│                                                          │"
"│                                                          │"
"│                                                          │"
"│                                                          │"
"│                                                          │"
"│                                                          │"
"│                                                          │"
"│                                                          │"
"│                                                          │"
"│ Here because: order confirmation with schema.org markup… │"
"│ / ask  y copy reference  Y copy amount  Enter open docu… │"
"╰──────────────────────────────────────────────────────────╯"
