---
source: crates/tui/src/ui/records_lens/tests.rs
expression: rendered
---
"╭ Archive ─ Receipts, orders, bookings and documents. Ask for what you need. ──╮"
"│ Archive  1 record   / lisbon booking ref                                     │"
"│                                                                              │"
"│ ▶ Booking ref  K7QX2M  ✓schema                                               │"
"│  TAP Air Portugal · LHR -> LIS TP1357 · 20 Jan 2025                          │"
"│  Part of trip "Lisbon, June 2025" (3)                                        │"
"│  y copy  ↵ pdf  o email  Esc clear                                           │"
"│  Also matching: Lisbon, 3 nights (88213)                                     │"
"│──────────────────────────────────────────────────────────────────────────────│"
"│  Coming up                                                                   │"
"│    Lisbon, June 2025 · in 3 days                                             │"
"│                                                                              │"
"│  [all] receipts orders trips bills docs                                      │"
"│ ── 2025 · March ─────────────────────────────────────── 2 records  £1,251.99 │"
"│▌ 03 Mar  Dell             XPS 14 laptop          £1,249.00   402-118      pdf│"
"│          ordered · shipped · delivered 7 Mar                                 │"
"│          Return by 2 Apr (passed) · Warranty to 3 Mar 2027                   │"
"│                                                                              │"
"│                                                                              │"
"│                                                                              │"
"│                                                                              │"
"│                                                                              │"
"│                                                                              │"
"│                                                                              │"
"│                                                                              │"
"│                                                                              │"
"│                                                                              │"
"│                                                                              │"
"│                                                                              │"
"│                                                                              │"
"│                                                                              │"
"│ Here because: order confirmation with schema.org markup (checked).           │"
"│ / ask  y copy reference  Y copy amount  Enter open document  o the email  p… │"
"╰──────────────────────────────────────────────────────────────────────────────╯"
