---
source: crates/tui/src/ui/records_lens/tests.rs
assertion_line: 337
expression: rendered
---
"╭ Archive ─ Receipts, orders, bookings and documents. Ask f╮"
"│ Archive  3 records   / ask: "lisbon booking ref"         │"
"│                                                          │"
"│  Coming up                                               │"
"│    Lisbon, June 2025 · in 3 days                         │"
"│                                                          │"
"│  [all] receipts orders trips bills docs subscriptions    │"
"│ ── 2025 · March ─────────────────── 2 records  £1,251.99 │"
"│▌ 28 Mar  Apple            iCloud+ 200…       £2.99 ·?    │"
"│  03 Mar  Dell             XPS 14 lapt…    £1,249.00   pdf│"
"│          ordered · shipped · delivered 7 Mar             │"
"│          Return by 2 Apr (passed) · Warranty to 3 Mar …  │"
"│ ── 2025 · February ─────────────────── 1 record  £128.40 │"
"│  11 Feb  Octopus Energy   Bill, Feb         £128.40      │"
"│                                                          │"
"│                                                          │"
"│                                                          │"
"│                                                          │"
"│                                                          │"
"│                                                          │"
"│                                                          │"
"│                                                          │"
"│                                                          │"
"│                                                          │"
"│                                                          │"
"│                                                          │"
"│                                                          │"
"│                                                          │"
"│                                                          │"
"│                                                          │"
"│                                                          │"
"│ Here because: "receipt" in the subject (unchecked).      │"
"│ / ask  y copy reference  Y copy amount  Enter open docu… │"
"╰──────────────────────────────────────────────────────────╯"
