---
source: crates/web/src/tests.rs
assertion_line: 857
expression: summary
---
{
  "info_title": "mxr HTTP Bridge",
  "openapi": "3.1.0",
  "schema_names": [
    "AccountAddress",
    "AccountCapabilitiesData",
    "AccountConfigData",
    "AccountEditModeData",
    "AccountId",
    "AccountMutationResultData",
    "AccountOperationResult",
    "AccountOperationStep",
    "AccountSendConfigData",
    "AccountSourceData",
    "AccountSummaryData",
    "AccountSyncConfigData",
    "AccountSyncStatus",
    "ActivityCursor",
    "ActivityEntry",
    "ActivityExportFormat",
    "ActivityFilter",
    "ActivityStatBucket",
    "ActivityStatGroupBy",
    "ActivityTier",
    "Address",
    "ArchiveAnswerData",
    "ArchiveAskFiltersData",
    "ArchiveAskMode",
    "ArchiveCitationData",
    "ArchiveRetrievalData",
    "AttachmentDisposition",
    "AttachmentFile",
    "AttachmentId",
    "AttachmentMeta",
    "AuthFlowData",
    "AuthSessionData",
    "AuthSessionId",
    "AuthSessionStateData",
    "BodyFailure",
    "BodyPartSource",
    "CadenceDriftRowData",
    "CalendarAttendee",
    "CalendarInviteActionData",
    "CalendarInviteData",
    "CalendarInviteId",
    "CalendarInviteResponsePreview",
    "CalendarInviteResponseResult",
    "CalendarMetadata",
    "CalendarPartstat",
    "CalendarPerson",
    "CitationRef",
    "CitationRefData",
    "ClientKind",
    "CommitmentData",
    "CommitmentDirectionData",
    "CommitmentStatusData",
    "ContactAsymmetryRow",
    "ContactDecayRow",
    "ContactRelationshipSummaryData",
    "ContactStyleData",
    "DaemonEvent",
    "DaemonHealthClass",
    "DecisionLogEntryData",
    "DeliveryData",
    "DeliveryId",
    "DeliveryItemData",
    "DeliveryScanSummary",
    "DoctorDataStats",
    "DoctorFinding",
    "DoctorFindingCategory",
    "DoctorFindingSeverity",
    "DoctorReport",
    "Draft",
    "DraftCommitmentCandidateData",
    "DraftId",
    "DraftIntent",
    "DraftLengthHintData",
    "DraftRefineKnobsData",
    "DraftSafetyContextData",
    "DraftSafetyIssue",
    "DraftSafetyIssueCode",
    "DraftSafetyModeData",
    "DraftSafetyReport",
    "DraftSafetySeverity",
    "DraftSafetyVerdict",
    "EntityCandidateData",
    "EntityExplanationData",
    "Envelope",
    "EventLogEntry",
    "ExpertSuggestionData",
    "ExportFormat",
    "FeatureHealth",
    "FeatureHealthReport",
    "ForwardContext",
    "GmailCredentialSourceData",
    "HtmlImageAsset",
    "HtmlImageAssetStatus",
    "HtmlImageSourceKind",
    "HumanizerHitData",
    "HumanizerReportSummaryData",
    "IndexFreshness",
    "InlineCalendarReply",
    "IpcErrorKind",
    "JobData",
    "JobProgressData",
    "JobStatusData",
    "Label",
    "LabelCount",
    "LabelId",
    "LabelKind",
    "LargestMessageRow",
    "LlmConfigData",
    "LlmOverrideData",
    "LlmOverridesData",
    "LlmStatusSnapshot",
    "MessageBody",
    "MessageId",
    "MessageMetadata",
    "MutationCommand",
    "MutationResultData",
    "NotificationChimeEventData",
    "NotificationChimeSoundData",
    "NotificationChimesData",
    "OwedReplyRowData",
    "RecipientSendTimeRowData",
    "RelationshipDriftData",
    "RelationshipProfileData",
    "RelationshipWatchEntryData",
    "ReplyContext",
    "ReplyHeaders",
    "Request",
    "Response",
    "ResponseData",
    "ResponseTimeBucket",
    "ResponseTimeDirection",
    "ResponseTimeSummary",
    "Role",
    "RuleFormData",
    "SavedActivityFilterEntry",
    "SavedSearch",
    "SavedSearchId",
    "ScreenerDecisionData",
    "ScreenerDispositionData",
    "ScreenerQueueEntryData",
    "SearchExplain",
    "SearchExplainResult",
    "SearchMode",
    "SearchResultItem",
    "SemanticProfile",
    "SemanticProfileId",
    "SemanticProfileRecord",
    "SemanticProfileStatus",
    "SemanticRuntimeMetrics",
    "SemanticStatusSnapshot",
    "SendTimeConfidenceData",
    "SendTimeRecommendationData",
    "SendWindowData",
    "SenderEmailReferenceData",
    "SenderProfileData",
    "SenderSummaryData",
    "SenderUnansweredQuestionData",
    "SenderWeeklyActivityData",
    "SignatureContextData",
    "SignatureData",
    "SignatureDefaultData",
    "SignatureId",
    "SnippetData",
    "Snoozed",
    "SortOrder",
    "StaleBallInCourt",
    "StaleThreadRow",
    "StorageBucket",
    "StorageGroupBy",
    "SubscriptionSummary",
    "SuggestedRecipientData",
    "TextPlainFormat",
    "Thread",
    "ThreadBriefingData",
    "ThreadId",
    "ThreadSummaryData",
    "UnsubscribeMethod",
    "UserVoiceProfileData",
    "UserVoiceRegisterModeData",
    "VoiceMatchConfidenceData",
    "VoiceMatchData",
    "VoiceRegisterData",
    "WhoisCitationData",
    "WrappedContactRank",
    "WrappedLongestThread",
    "WrappedMostGhosted",
    "WrappedNewsletters",
    "WrappedReplyDiscipline",
    "WrappedReplyExtreme",
    "WrappedStorage",
    "WrappedStorageBucket",
    "WrappedSummary",
    "WrappedSuperlatives",
    "WrappedTimePatterns",
    "WrappedTopContacts",
    "WrappedTopList",
    "WrappedVolume"
  ],
  "security_schemes": {
    "bearer": {
      "bearerFormat": "opaque",
      "description": "Token from `~/.config/mxr/bridge-token`. Send via `Authorization: Bearer <token>` header. WebSocket clients can also pass it via the `?token=<token>` query string or the `Sec-WebSocket-Protocol: bearer, <token>` subprotocol.",
      "scheme": "bearer",
      "type": "http"
    }
  }
}
