---
source: crates/web/src/tests.rs
assertion_line: 977
expression: summary
---
{
  "info_title": "mxr HTTP Bridge",
  "openapi": "3.1.0",
  "schema_names": [
    "AccountAddress",
    "AccountCapabilitiesData",
    "AccountConfigData",
    "AccountEditModeData",
    "AccountFreshnessData",
    "AccountId",
    "AccountMutationResultData",
    "AccountOperationResult",
    "AccountOperationStep",
    "AccountSendConfigData",
    "AccountSourceData",
    "AccountSummaryData",
    "AccountSyncConfigData",
    "AccountSyncStatus",
    "AckBody",
    "AckPlanData",
    "ActivityCursor",
    "ActivityEntry",
    "ActivityExportFormat",
    "ActivityFilter",
    "ActivityStatBucket",
    "ActivityStatGroupBy",
    "ActivityTier",
    "Address",
    "AiLocalityData",
    "AiProvenanceData",
    "AiSourceData",
    "ArchiveAnswerData",
    "ArchiveAskFiltersData",
    "ArchiveAskMode",
    "ArchiveCitationData",
    "ArchiveRetrievalData",
    "ArrivalData",
    "AttachmentDisposition",
    "AttachmentFile",
    "AttachmentId",
    "AttachmentMeta",
    "AuthFlowData",
    "AuthSessionData",
    "AuthSessionId",
    "AuthSessionStateData",
    "BodyFailure",
    "BodyPartSource",
    "CadenceDriftRowData",
    "CalendarAttendee",
    "CalendarInviteActionData",
    "CalendarInviteData",
    "CalendarInviteId",
    "CalendarInviteResponsePreview",
    "CalendarInviteResponseResult",
    "CalendarMetadata",
    "CalendarPartstat",
    "CalendarPerson",
    "CitationRef",
    "CitationRefData",
    "ClientKind",
    "ClosenessData",
    "CommitmentData",
    "CommitmentDirectionData",
    "CommitmentStatusData",
    "ComposerData",
    "ContactAsymmetryRow",
    "ContactDecayRow",
    "ContactRelationshipSummaryData",
    "ContactStyleData",
    "ConversationAttachmentData",
    "ConversationData",
    "ConversationMessageData",
    "DaemonEvent",
    "DaemonHealthClass",
    "DecisionLogEntryData",
    "DeferKindData",
    "DeferredThreadData",
    "DeliveryData",
    "DeliveryId",
    "DeliveryItemData",
    "DeliveryScanSummary",
    "DeskDoneBody",
    "DeskDoneItemData",
    "DeskDoneOutcomeData",
    "DeskElsewhereData",
    "DeskLaneData",
    "DeskLaneKind",
    "DeskLaterBody",
    "DeskRowData",
    "DeskThreadRefData",
    "DetectComposePromisesRequest",
    "DetectedPromiseData",
    "DoctorDataStats",
    "DoctorFinding",
    "DoctorFindingCategory",
    "DoctorFindingSeverity",
    "DoctorReport",
    "Draft",
    "DraftCommitmentCandidateData",
    "DraftContentSchema",
    "DraftEvalCaseData",
    "DraftEvalSummaryData",
    "DraftId",
    "DraftIntent",
    "DraftLengthHintData",
    "DraftProvenanceData",
    "DraftRefineKnobsData",
    "DraftRewriteOutcomeData",
    "DraftRewriteProvenanceData",
    "DraftSafetyContextData",
    "DraftSafetyIssue",
    "DraftSafetyIssueCode",
    "DraftSafetyModeData",
    "DraftSafetyReport",
    "DraftSafetySeverity",
    "DraftSafetyVerdict",
    "DraftSourceData",
    "EntityCandidateData",
    "EntityExplanationData",
    "Envelope",
    "EventLogEntry",
    "ExpertSuggestionData",
    "ExportFormat",
    "FeatureHealth",
    "FeatureHealthReport",
    "ForwardContext",
    "FreshnessData",
    "GistModelData",
    "GmailCredentialSourceData",
    "HintData",
    "HintSeenBody",
    "HtmlImageAsset",
    "HtmlImageAssetStatus",
    "HtmlImageSourceKind",
    "HumanizerHitData",
    "HumanizerReportSummaryData",
    "ImpliedPart",
    "IndexFreshness",
    "InlineAsset",
    "InlineCalendarReply",
    "IpcErrorKind",
    "JobData",
    "JobProgressData",
    "JobStatusData",
    "KindRuleData",
    "Label",
    "LabelCount",
    "LabelId",
    "LabelKind",
    "LargestMessageRow",
    "LlmConfigData",
    "LlmOverrideData",
    "LlmOverridesData",
    "LlmStatusSnapshot",
    "MailKindData",
    "MailPlaceData",
    "MergeBody",
    "MergeSuggestionData",
    "MessageBody",
    "MessageId",
    "MessageLayoutData",
    "MessageMetadata",
    "MessagesBandData",
    "MessagesData",
    "MessagesLapsedData",
    "MessagesPreviewData",
    "MessagesPreviewKindData",
    "MessagesRowData",
    "MessagesRowKindData",
    "MessagesTopicData",
    "MessagesTurnData",
    "ModeDoneBody",
    "ModeDoneOutcomeData",
    "ModeDoneSenderData",
    "ModeGuideData",
    "ModeKeyData",
    "ModeKindData",
    "ModeMembershipBody",
    "ModeMembershipData",
    "MutationCommand",
    "MutationResultData",
    "NotificationChimeEventData",
    "NotificationChimeSoundData",
    "NotificationChimesData",
    "NotificationChimesPatchData",
    "NowData",
    "NowDueData",
    "NowPeopleData",
    "NowPersonData",
    "NowReadingPickData",
    "NowTodoData",
    "NowUpdateSourceData",
    "NowUpdatesCardData",
    "OwedReplyHereData",
    "OwedReplyRowData",
    "PersonMergeData",
    "PersonPageData",
    "PersonRefData",
    "PinMessagesBody",
    "PlaceBundleData",
    "PlaceMessageData",
    "PromiseDetectionData",
    "PromiseDetectionStatusData",
    "PromiseSourceData",
    "RailData",
    "RailEntryData",
    "RailLinkData",
    "RailStatusData",
    "ReadingArticleBody",
    "ReadingArticleData",
    "ReadingBandData",
    "ReadingBandGroupData",
    "ReadingEditionData",
    "ReadingEmptyData",
    "ReadingEngagementBody",
    "ReadingFetchData",
    "ReadingHighlightBody",
    "ReadingHighlightData",
    "ReadingItemData",
    "ReadingItemDetailData",
    "ReadingItemKindData",
    "ReadingLaterBody",
    "ReadingLaterOutcomeData",
    "ReadingLinkData",
    "ReadingParagraphData",
    "ReadingShapeData",
    "ReadingSourceBody",
    "ReadingSourceData",
    "ReadingUnsubscribeData",
    "RecipientSendTimeRowData",
    "RecordAmountData",
    "RecordAnswerCardData",
    "RecordAnswerData",
    "RecordAnswerListData",
    "RecordAnswerModeData",
    "RecordChangeData",
    "RecordData",
    "RecordDismissBody",
    "RecordDocumentData",
    "RecordEditData",
    "RecordExportBody",
    "RecordExportData",
    "RecordFacetCountData",
    "RecordFacetsData",
    "RecordFallbackData",
    "RecordFieldBody",
    "RecordFieldData",
    "RecordFileBody",
    "RecordFilterData",
    "RecordFirstRunData",
    "RecordGroupData",
    "RecordIssuerData",
    "RecordKindData",
    "RecordLedgerData",
    "RecordMomentData",
    "RecordMonthData",
    "RecordPromiseRequest",
    "RecordSenderBody",
    "RecordSourceData",
    "RecordUndoData",
    "RelationshipDriftData",
    "RelationshipProfileData",
    "RelationshipWatchEntryData",
    "ReplyContext",
    "ReplyHeaders",
    "Request",
    "Response",
    "ResponseData",
    "ResponseTimeBucket",
    "ResponseTimeDirection",
    "ResponseTimeSummary",
    "Role",
    "RuleFormData",
    "SavedActivityFilterEntry",
    "SavedSearch",
    "SavedSearchId",
    "ScheduledSendData",
    "ScreenerChoiceData",
    "ScreenerDecisionData",
    "ScreenerDispositionData",
    "ScreenerQuestionData",
    "ScreenerQueueEntryData",
    "SearchAggregationGroupBy",
    "SearchAggregationRow",
    "SearchExplain",
    "SearchExplainResult",
    "SearchMode",
    "SearchResultItem",
    "SemanticProfile",
    "SemanticProfileId",
    "SemanticProfileRecord",
    "SemanticProfileStatus",
    "SemanticRuntimeMetrics",
    "SemanticStatusSnapshot",
    "SendTimeConfidenceData",
    "SendTimeRecommendationData",
    "SendWindowData",
    "SenderEmailReferenceData",
    "SenderKindBody",
    "SenderKindData",
    "SenderProfileData",
    "SenderSummaryData",
    "SenderUnansweredQuestionData",
    "SenderWeeklyActivityData",
    "SignatureContextData",
    "SignatureData",
    "SignatureDefaultData",
    "SignatureId",
    "SnippetData",
    "Snoozed",
    "SortOrder",
    "SplitBody",
    "StaleBallInCourt",
    "StaleThreadRow",
    "StorageBucket",
    "StorageGroupBy",
    "SubscriptionSummary",
    "SuggestedRecipientData",
    "SweepPlaceBody",
    "SweepPreviewData",
    "SweepSenderData",
    "SyncErrorData",
    "SyncErrorKindData",
    "SyncHealthData",
    "SyncProgressData",
    "TextPlainFormat",
    "Thread",
    "ThreadAskData",
    "ThreadBriefingData",
    "ThreadContextData",
    "ThreadCounterpartyData",
    "ThreadGistBatchData",
    "ThreadGistData",
    "ThreadGistSkipData",
    "ThreadGistSkipReasonData",
    "ThreadGistStatusData",
    "ThreadGistsBody",
    "ThreadId",
    "ThreadModesData",
    "ThreadPromiseData",
    "ThreadShapeData",
    "ThreadSummaryData",
    "TimeChoice",
    "TimeResolution",
    "TimeResolveError",
    "TimeResolveErrorKind",
    "TimeSpan",
    "TodoActionData",
    "TodoActionKindData",
    "TodoAmountData",
    "TodoCatchupBody",
    "TodoCatchupData",
    "TodoCatchupDecisionData",
    "TodoChangeData",
    "TodoCreateBody",
    "TodoData",
    "TodoEditBody",
    "TodoEditData",
    "TodoFieldData",
    "TodoFirstRunData",
    "TodoKindCountData",
    "TodoLooksDoneData",
    "TodoNextData",
    "TodoRunwayData",
    "TodoScheduleBody",
    "TodoStateActionData",
    "TodoStateBody",
    "TodoStateData",
    "TodoWeekData",
    "TopicStateData",
    "TriageMessageData",
    "TriageVerdictData",
    "TrimmedData",
    "UnsubscribeMethod",
    "UnsubscribePurgeResultData",
    "UnsubscribePurgeStatusData",
    "UserVoiceProfileData",
    "UserVoiceRegisterModeData",
    "VerifiedQuoteData",
    "VoiceMatchConfidenceData",
    "VoiceMatchData",
    "VoiceRegisterData",
    "WhoisCitationData",
    "WrappedContactRank",
    "WrappedLongestThread",
    "WrappedMostGhosted",
    "WrappedNewsletters",
    "WrappedReplyDiscipline",
    "WrappedReplyExtreme",
    "WrappedStorage",
    "WrappedStorageBucket",
    "WrappedSummary",
    "WrappedSuperlatives",
    "WrappedTimePatterns",
    "WrappedTopContacts",
    "WrappedTopList",
    "WrappedVolume"
  ],
  "security_schemes": {
    "bearer": {
      "bearerFormat": "opaque",
      "description": "Token from the `bridge-token` file in the active profile's config directory, or from `[bridge].token_path` / `MXR_BRIDGE_TOKEN_PATH` when either is set. Send via `Authorization: Bearer <token>` header. Browser WebSocket clients can use the `Sec-WebSocket-Protocol: bearer, <token>` subprotocol. The `?token=<token>` query string is accepted only by `/api/v1/events` for command-line WebSocket fallback.",
      "scheme": "bearer",
      "type": "http"
    }
  }
}
