---
source: crates/tui/src/ui/reading_lens/tests.rs
expression: rendered
---
"╭ Reading ─ Newsletters you chose, as an edition. Read when you like. ──────────────────────────────────────── Later 2 ╮"
"│                                               ╭─────────────────────────────────────────────────────────────────────╮│"
"│  SINCE YOU WERE LAST HERE                     │   Enter reads the item under the cursor.                            ││"
"│▌ The quiet death of the three-pane layout     │                                                                     ││"
"│  Long Reads Weekly · 3 min · you read 8 of …  │                                                                     ││"
"│  Six things worth your time                   │                                                                     ││"
"│  Local-first Links · 1 min · 5 links          │                                                                     ││"
"│    › Local-first mail…  links.demo.mxr.local  │                                                                     ││"
"│    › WAL checkpoints,…  links.demo.mxr.local  │                                                                     ││"
"│    › Terminal workflows t…  via substack.com  │                                                                     ││"
"│    › Why sync en╭ Unsubscribe ─────────────────────────────────────────────────────────────────────╮                ││"
"│    + 1 more     │Unsubscribe from Growth Digest?                                                   │                ││"
"│                 │  You opened 0 of the last 11 issues.                                             │                ││"
"│  ──────────── Yo│  Method: one-click (the sender is told directly, no browser)                     │                ││"
"│                 │  u just unsubscribe · keep what you have                                         │                ││"
"│  EARLIER THIS WE│  a unsubscribe and clear 11 issues · marks them read and archives them           │                ││"
"│  Shipping a sync│  This can't be undone from mxr; you'd resubscribe on their site.                 │                ││"
"│  Platform Weekly│                                                                                  │                ││"
"│                 │Enter or u just unsubscribe · a clear its issues · Esc keep                       │                ││"
"│  FADING  Goes wi│                                                                                  │                ││"
"│  5 ways to doubl│                                                                                  │                ││"
"│  Growth Digest ·│                                                                                  │                ││"
"│  You opened 0 of│                                                                                  │                ││"
"│                 │                                                                                  │                ││"
"│                 ╰──────────────────────────────────────────────────────────────────────────────────╯                ││"
"│                                               │                                                                     ││"
"│                                               │                                                                     ││"
"│                                               │                                                                     ││"
"│                                               │                                                                     ││"
"│                                               │                                                                     ││"
"│                                               │                                                                     ││"
"│                                               │                                                                     ││"
"│                                               ╰─────────────────────────────────────────────────────────────────────╯│"
"│ Here because: you subscribed, and it has an unsubscribe link (rule). Fades Monday unless you keep it.                │"
"│ Enter read · L article · b later · e let go · D unsubscribe · A let go all · B Later shelf · ? help                  │"
"╰──────────────────────────────────────────────────────────────────────────────────────────────────────────────────────╯"
