---
source: crates/tui/src/ui/reading_lens/tests.rs
expression: rendered
---
"╭ Reading ─ Newsletters you chose, as an edition. Read when you like. ──────────────────────────────────────── Later 2 ╮"
"│                                               ╭─────────────────────────────────────────────────────────────────────╮│"
"│  LATER  Later never fades. Esc back to the edi│   Enter reads the item under the cursor.                            ││"
"│▌ WAL checkpoints, explained with pictures     │                                                                     ││"
"│  Local-first Links · 3 min · saved to read …  │                                                                     ││"
"│  On Later since Thu 3 Sep. Later never fade…  │                                                                     ││"
"│  Still want it? b lets it go                  │                                                                     ││"
"│                                               │                                                                     ││"
"│                                               │                                                                     ││"
"│                                               │                                                                     ││"
"│                                               │                                                                     ││"
"│                                               │                                                                     ││"
"│                                               │                                                                     ││"
"│                                               │                                                                     ││"
"│                                               │                                                                     ││"
"│                                               │                                                                     ││"
"│                                               │                                                                     ││"
"│                                               │                                                                     ││"
"│                                               │                                                                     ││"
"│                                               │                                                                     ││"
"│                                               │                                                                     ││"
"│                                               │                                                                     ││"
"│                                               │                                                                     ││"
"│                                               │                                                                     ││"
"│                                               │                                                                     ││"
"│                                               │                                                                     ││"
"│                                               │                                                                     ││"
"│                                               │                                                                     ││"
"│                                               │                                                                     ││"
"│                                               │                                                                     ││"
"│                                               │                                                                     ││"
"│                                               │                                                                     ││"
"│                                               ╰─────────────────────────────────────────────────────────────────────╯│"
"│ On Later since Thu 3 Sep. Later never fades.                                                                         │"
"│ Enter read · L article · b later · e let go · D unsubscribe · A let go all · B Later shelf · ? help                  │"
"╰──────────────────────────────────────────────────────────────────────────────────────────────────────────────────────╯"
