---
source: crates/tui/src/ui/reading_lens/tests.rs
expression: rendered
---
"╭ Reading ─ Newsletters you chose, as an edition. Read when you like.  Later 2 ╮"
"│                                                                              │"
"│  SINCE YOU WERE LAST HERE                                                    │"
"│▌ The quiet death of the three-pane layout                                    │"
"│  Long Reads Weekly · 3 min · you read 8 of 10                                │"
"│  Six things worth your time                                                  │"
"│  Local-first Links · 1 min · 5 links                                         │"
"│    › Local-first mail is having a moment  links.demo.mxr.local               │"
"│    › WAL checkpoints, explained with pictures  links.demo.mxr.local          │"
"│    › Terminal workflows that stuck  via substack.com                         │"
"│    › Why s╭ Unsubscribe ─────────────────────────────────────────╮           │"
"│    + 1 mor│Unsubscribe from Growth Digest?                       │           │"
"│           │  You opened 0 of the last 11 issues.                 │           │"
"│  ─────────│  Method: one-click (the sender is told directly, no  │────────   │"
"│           │browser)                                              │           │"
"│  EARLIER T│  u just unsubscribe · keep what you have             │           │"
"│  Shipping │  a unsubscribe and clear 11 issues · marks them read │           │"
"│  Platform │and archives them                                     │           │"
"│           │  This can't be undone from mxr; you'd resubscribe on │           │"
"│  FADING  G│their site.                                           │           │"
"│  5 ways to│                                                      │           │"
"│  Growth Di│Enter or u just unsubscribe · a clear its issues · Esc│           │"
"│  You opene│keep                                                  │           │"
"│           │                                                      │           │"
"│           ╰──────────────────────────────────────────────────────╯           │"
"│                                                                              │"
"│                                                                              │"
"│                                                                              │"
"│                                                                              │"
"│                                                                              │"
"│                                                                              │"
"│                                                                              │"
"│                                                                              │"
"│ Here because: you subscribed, and it has an unsubscribe link (rule). Fades … │"
"│ Enter read · L article · b later · e let go · D unsubscribe · A let go all   │"
"╰──────────────────────────────────────────────────────────────────────────────╯"
