---
source: crates/tui/src/ui/reading_lens/tests.rs
expression: rendered
---
"╭ Reading ─ Newsletters you chose, as an edition. Read when you like.  Later 2 ╮"
"│                                                                              │"
"│  SINCE YOU WERE LAST HERE                                                    │"
"│▌ The quiet death of the three-pane layout                                    │"
"│  Long Reads Weekly · 3 min · you read 8 of 10                                │"
"│  Six things worth your time                                                  │"
"│  Local-first Links · 1 min · 5 links                                         │"
"│    › Local-first mail is having a moment  links.demo.mxr.local               │"
"│    › WAL checkpoints, explained with pictures  links.demo.mxr.local          │"
"│    › Terminal workflows that stuck  via substack.com                         │"
"│    › Why sync engines need tombstones  example.org                           │"
"│    + 1 more                                                                  │"
"│                                                                              │"
"│  ─────────╭ Unsubscribe ─────────────────────────────────────────╮────────   │"
"│           │Unsubscribe from Growth Digest?                       │           │"
"│  EARLIER T│  You opened 0 of the last 11 issues.                 │           │"
"│  Shipping │  Method: one-click (the sender is told directly, no  │           │"
"│  Platform │browser)                                              │           │"
"│           │  Also archives 11 issues from this sender.           │           │"
"│  FADING  G│  This can't be undone from mxr; you'd resubscribe on │           │"
"│  5 ways to│their site.                                           │           │"
"│  Growth Di│                                                      │           │"
"│  You opene╰──────────────────────────────────────────────────────╯           │"
"│                                                                              │"
"│                                                                              │"
"│                                                                              │"
"│                                                                              │"
"│                                                                              │"
"│                                                                              │"
"│                                                                              │"
"│                                                                              │"
"│                                                                              │"
"│                                                                              │"
"│ Here because: you subscribed, and it has an unsubscribe link (rule). Fades … │"
"│ Enter read · L article · b later · e let go · D unsubscribe · A let go all   │"
"╰──────────────────────────────────────────────────────────────────────────────╯"
